
> agentrixfrontend@2.2.0 build
> next build

